[     608ms] [WARNING] Error with Permissions-Policy header: Unrecognized feature: 'bluetooth'. @ :0
[    1553ms] [ERROR] ErrorUtils caught an error:

terminate stream because StartStreamFailure with msg : UNAUTHENTICATED [Caught in: Subscription error in preprocessResponse]

Subsequent non-fatal errors won't be logged; see https://fburl.com/debugjs. {column: 180, clientTime: 1786723537, extra: Object, guardList: Array(0), hash: qwfnbo} @ https://static.xx.fbcdn.net/rsrc.php/v4/y9/r/VlAaA7Pjjwh.js:83
[    1569ms] [LOG] 
%c¡Detente! font-family:helvetica; font-size:20px; font-size:50px; font-weight:bold; color:red; -webkit-text-stroke:1px black; @ https://static.xx.fbcdn.net/rsrc.php/v4/y9/r/VlAaA7Pjjwh.js:250
[    1569ms] [LOG] 
%cEsta función del navegador está pensada para desarrolladores. Si alguna persona te ha indicado que copiaras y pegaras algo aquí para habilitar una función de Facebook o para "hackear" la cuenta de alguien, se trata de un fraude. Si lo haces, esta persona podrá acceder a tu cuenta. font-family:helvetica; font-size:20px;  @ https://static.xx.fbcdn.net/rsrc.php/v4/y9/r/VlAaA7Pjjwh.js:250
[    1569ms] [LOG] 
%cPara obtener más información, consulta https://www.facebook.com/selfxss. font-family:helvetica; font-size:20px;  @ https://static.xx.fbcdn.net/rsrc.php/v4/y9/r/VlAaA7Pjjwh.js:250
[    1569ms] [LOG] 
%c  @ https://static.xx.fbcdn.net/rsrc.php/v4/y9/r/VlAaA7Pjjwh.js:250
[    2096ms] [WARNING] Canvas2D: Multiple readback operations using getImageData are faster with the willReadFrequently attribute set to true. See: https://html.spec.whatwg.org/multipage/canvas.html#concept-canvas-will-read-frequently @ https://static.xx.fbcdn.net/rsrc.php/v4iseY4/y2/l/es_ES~es_LA-j/W8mwv9OFuhi8f95oYa0kNwJiumObJVK5rUUySo3b3y9n2AxvL0EvM5PQpTYZ4KBfTIkYE3QEEpPuT41Vk-2zIB3TMDiCeAiwWgL.js:52
[    2137ms] [WARNING] [.WebGL-0x35ec00113e00]GL Driver Message (OpenGL, Performance, GL_CLOSE_PATH_NV, High): GPU stall due to ReadPixels @ https://www.facebook.com/61561324287482/posts/27601214359574439/?rdid=XeQmCw6j3vKTV5Vt#:0
[    2140ms] [VERBOSE] [DOM] Input elements should have autocomplete attributes (suggested: "current-password"): (More info: https://goo.gl/9p2vKq) %o @ https://www.facebook.com/61561324287482/posts/27601214359574439/?rdid=XeQmCw6j3vKTV5Vt#:0
[ 9709551ms] [ERROR] Failed to load resource: net::ERR_INTERNET_DISCONNECTED @ https://www.facebook.com/nw/:0
[ 9709660ms] [ERROR] Failed to load resource: net::ERR_INTERNET_DISCONNECTED @ https://www.facebook.com/nw/:0
[10902292ms] [ERROR] Failed to load resource: net::ERR_INTERNET_DISCONNECTED @ https://www.facebook.com/nw/:0
[10903101ms] [ERROR] Failed to load resource: net::ERR_INTERNET_DISCONNECTED @ https://www.facebook.com/nw/:0
[23145682ms] [ERROR] Failed to load resource: net::ERR_INTERNET_DISCONNECTED @ https://www.facebook.com/nw/:0
[23145789ms] [ERROR] Failed to load resource: net::ERR_INTERNET_DISCONNECTED @ https://www.facebook.com/nw/:0
[23145997ms] [ERROR] Failed to load resource: net::ERR_INTERNET_DISCONNECTED @ https://www.facebook.com/nw/:0
[23148441ms] [ERROR] Failed to load resource: net::ERR_INTERNET_DISCONNECTED @ https://www.facebook.com/nw/:0
[23762304ms] [ERROR] Failed to load resource: net::ERR_INTERNET_DISCONNECTED @ https://www.facebook.com/nw/:0
[23762411ms] [ERROR] Failed to load resource: net::ERR_INTERNET_DISCONNECTED @ https://www.facebook.com/nw/:0
[36669296ms] [ERROR] Failed to load resource: net::ERR_INTERNET_DISCONNECTED @ https://www.facebook.com/nw/:0
[36670108ms] [ERROR] Failed to load resource: net::ERR_INTERNET_DISCONNECTED @ https://www.facebook.com/nw/:0
